// Jest Snapshot v1, https://goo.gl/fbAQLP

exports[`renders without crashing 1`] = `
<div
  className="MontyHallContainer"
>
  <MontyHallForm
    loading={false}
    submitCallback={[Function]}
  />
  <MontyHallResult
    results={Array []}
  />
</div>
`;
